Analysis & Synthesis report for cpu
Wed Apr 26 13:46:01 2023
Quartus Prime Version 22.1std.1 Build 917 02/14/2023 SC Lite Edition


---------------------
; Table of Contents ;
---------------------
  1. Legal Notice
  2. Analysis & Synthesis Summary
  3. Analysis & Synthesis Settings
  4. Parallel Compilation
  5. Analysis & Synthesis Source Files Read
  6. Analysis & Synthesis Resource Usage Summary
  7. Analysis & Synthesis Resource Utilization by Entity
  8. Analysis & Synthesis DSP Block Usage Summary
  9. General Register Statistics
 10. Multiplexer Restructuring Statistics (Restructuring Performed)
 11. Parameter Settings for User Entity Instance: Top-level Entity: |cpu
 12. Parameter Settings for User Entity Instance: pc:progCounter
 13. Parameter Settings for User Entity Instance: prog:progMemory
 14. Parameter Settings for User Entity Instance: regs:gpr
 15. Parameter Settings for User Entity Instance: alu:iu
 16. Port Connectivity Checks: "alu:iu|signed_mult:m"
 17. Port Connectivity Checks: "prog:progMemory"
 18. Post-Synthesis Netlist Statistics for Top Partition
 19. Elapsed Time Per Partition
 20. Analysis & Synthesis Messages



----------------
; Legal Notice ;
----------------
Copyright (C) 2023  Intel Corporation. All rights reserved.
Your use of Intel Corporation's design tools, logic functions 
and other software and tools, and any partner logic 
functions, and any output files from any of the foregoing 
(including device programming or simulation files), and any 
associated documentation or information are expressly subject 
to the terms and conditions of the Intel Program License 
Subscription Agreement, the Intel Quartus Prime License Agreement,
the Intel FPGA IP License Agreement, or other applicable license
agreement, including, without limitation, that your use is for
the sole purpose of programming logic devices manufactured by
Intel and sold by Intel or its authorized distributors.  Please
refer to the applicable agreement for further details, at
https://fpgasoftware.intel.com/eula.



+----------------------------------------------------------------------------------+
; Analysis & Synthesis Summary                                                     ;
+---------------------------------+------------------------------------------------+
; Analysis & Synthesis Status     ; Successful - Wed Apr 26 13:46:01 2023          ;
; Quartus Prime Version           ; 22.1std.1 Build 917 02/14/2023 SC Lite Edition ;
; Revision Name                   ; cpu                                            ;
; Top-level Entity Name           ; cpu                                            ;
; Family                          ; Cyclone V                                      ;
; Logic utilization (in ALMs)     ; N/A                                            ;
; Total registers                 ; 36                                             ;
; Total pins                      ; 19                                             ;
; Total virtual pins              ; 0                                              ;
; Total block memory bits         ; 0                                              ;
; Total DSP Blocks                ; 1                                              ;
; Total HSSI RX PCSs              ; 0                                              ;
; Total HSSI PMA RX Deserializers ; 0                                              ;
; Total HSSI TX PCSs              ; 0                                              ;
; Total HSSI PMA TX Serializers   ; 0                                              ;
; Total PLLs                      ; 0                                              ;
; Total DLLs                      ; 0                                              ;
+---------------------------------+------------------------------------------------+


+---------------------------------------------------------------------------------------------------------------------------+
; Analysis & Synthesis Settings                                                                                             ;
+---------------------------------------------------------------------------------+--------------------+--------------------+
; Option                                                                          ; Setting            ; Default Value      ;
+---------------------------------------------------------------------------------+--------------------+--------------------+
; Device                                                                          ; 5CSEMA5F31C6       ;                    ;
; Top-level entity name                                                           ; cpu                ; cpu                ;
; Family name                                                                     ; Cyclone V          ; Cyclone V          ;
; Optimization Technique                                                          ; Area               ; Balanced           ;
; Use smart compilation                                                           ; Off                ; Off                ;
; Enable parallel Assembler and Timing Analyzer during compilation                ; On                 ; On                 ;
; Enable compact report table                                                     ; Off                ; Off                ;
; Restructure Multiplexers                                                        ; Auto               ; Auto               ;
; MLAB Add Timing Constraints For Mixed-Port Feed-Through Mode Setting Don't Care ; Off                ; Off                ;
; Create Debugging Nodes for IP Cores                                             ; Off                ; Off                ;
; Preserve fewer node names                                                       ; On                 ; On                 ;
; Intel FPGA IP Evaluation Mode                                                   ; Enable             ; Enable             ;
; Verilog Version                                                                 ; Verilog_2001       ; Verilog_2001       ;
; VHDL Version                                                                    ; VHDL_1993          ; VHDL_1993          ;
; State Machine Processing                                                        ; Auto               ; Auto               ;
; Safe State Machine                                                              ; Off                ; Off                ;
; Extract Verilog State Machines                                                  ; On                 ; On                 ;
; Extract VHDL State Machines                                                     ; On                 ; On                 ;
; Ignore Verilog initial constructs                                               ; Off                ; Off                ;
; Iteration limit for constant Verilog loops                                      ; 5000               ; 5000               ;
; Iteration limit for non-constant Verilog loops                                  ; 250                ; 250                ;
; Add Pass-Through Logic to Inferred RAMs                                         ; On                 ; On                 ;
; Infer RAMs from Raw Logic                                                       ; On                 ; On                 ;
; Parallel Synthesis                                                              ; On                 ; On                 ;
; DSP Block Balancing                                                             ; Auto               ; Auto               ;
; NOT Gate Push-Back                                                              ; On                 ; On                 ;
; Power-Up Don't Care                                                             ; On                 ; On                 ;
; Remove Redundant Logic Cells                                                    ; Off                ; Off                ;
; Remove Duplicate Registers                                                      ; On                 ; On                 ;
; Ignore CARRY Buffers                                                            ; Off                ; Off                ;
; Ignore CASCADE Buffers                                                          ; Off                ; Off                ;
; Ignore GLOBAL Buffers                                                           ; Off                ; Off                ;
; Ignore ROW GLOBAL Buffers                                                       ; Off                ; Off                ;
; Ignore LCELL Buffers                                                            ; Off                ; Off                ;
; Ignore SOFT Buffers                                                             ; On                 ; On                 ;
; Limit AHDL Integers to 32 Bits                                                  ; Off                ; Off                ;
; Carry Chain Length                                                              ; 70                 ; 70                 ;
; Auto Carry Chains                                                               ; On                 ; On                 ;
; Auto Open-Drain Pins                                                            ; On                 ; On                 ;
; Perform WYSIWYG Primitive Resynthesis                                           ; Off                ; Off                ;
; Auto ROM Replacement                                                            ; On                 ; On                 ;
; Auto RAM Replacement                                                            ; On                 ; On                 ;
; Auto DSP Block Replacement                                                      ; On                 ; On                 ;
; Auto Shift Register Replacement                                                 ; Auto               ; Auto               ;
; Allow Shift Register Merging across Hierarchies                                 ; Auto               ; Auto               ;
; Auto Clock Enable Replacement                                                   ; On                 ; On                 ;
; Strict RAM Replacement                                                          ; Off                ; Off                ;
; Allow Synchronous Control Signals                                               ; On                 ; On                 ;
; Force Use of Synchronous Clear Signals                                          ; Off                ; Off                ;
; Auto Resource Sharing                                                           ; Off                ; Off                ;
; Allow Any RAM Size For Recognition                                              ; Off                ; Off                ;
; Allow Any ROM Size For Recognition                                              ; Off                ; Off                ;
; Allow Any Shift Register Size For Recognition                                   ; Off                ; Off                ;
; Use LogicLock Constraints during Resource Balancing                             ; On                 ; On                 ;
; Ignore translate_off and synthesis_off directives                               ; Off                ; Off                ;
; Timing-Driven Synthesis                                                         ; On                 ; On                 ;
; Report Parameter Settings                                                       ; On                 ; On                 ;
; Report Source Assignments                                                       ; On                 ; On                 ;
; Report Connectivity Checks                                                      ; On                 ; On                 ;
; Ignore Maximum Fan-Out Assignments                                              ; Off                ; Off                ;
; Synchronization Register Chain Length                                           ; 3                  ; 3                  ;
; Power Optimization During Synthesis                                             ; Normal compilation ; Normal compilation ;
; HDL message level                                                               ; Level2             ; Level2             ;
; Suppress Register Optimization Related Messages                                 ; Off                ; Off                ;
; Number of Removed Registers Reported in Synthesis Report                        ; 5000               ; 5000               ;
; Number of Swept Nodes Reported in Synthesis Report                              ; 5000               ; 5000               ;
; Number of Inverted Registers Reported in Synthesis Report                       ; 100                ; 100                ;
; Clock MUX Protection                                                            ; On                 ; On                 ;
; Auto Gated Clock Conversion                                                     ; Off                ; Off                ;
; Block Design Naming                                                             ; Auto               ; Auto               ;
; SDC constraint protection                                                       ; Off                ; Off                ;
; Synthesis Effort                                                                ; Auto               ; Auto               ;
; Shift Register Replacement - Allow Asynchronous Clear Signal                    ; On                 ; On                 ;
; Pre-Mapping Resynthesis Optimization                                            ; Off                ; Off                ;
; Analysis & Synthesis Message Level                                              ; Medium             ; Medium             ;
; Disable Register Merging Across Hierarchies                                     ; Auto               ; Auto               ;
; Resource Aware Inference For Block RAM                                          ; On                 ; On                 ;
; Automatic Parallel Synthesis                                                    ; On                 ; On                 ;
; Partial Reconfiguration Bitstream ID                                            ; Off                ; Off                ;
+---------------------------------------------------------------------------------+--------------------+--------------------+


+------------------------------------------+
; Parallel Compilation                     ;
+----------------------------+-------------+
; Processors                 ; Number      ;
+----------------------------+-------------+
; Number detected on machine ; 8           ;
; Maximum allowed            ; 4           ;
;                            ;             ;
; Average used               ; 1.00        ;
; Maximum used               ; 4           ;
;                            ;             ;
; Usage by Processor         ; % Time Used ;
;     Processor 1            ; 100.0%      ;
;     Processors 2-4         ;   0.0%      ;
+----------------------------+-------------+


+--------------------------------------------------------------------------------------------------------------------------------------------------------------------------------------------------------------------------------+
; Analysis & Synthesis Source Files Read                                                                                                                                                                                         ;
+-----------------------------------------------------------------------+-----------------+---------------------------------------------+------------------------------------------------------------------------------+---------+
; File Name with User-Entered Path                                      ; Used in Netlist ; File Type                                   ; File Name with Absolute Path                                                 ; Library ;
+-----------------------------------------------------------------------+-----------------+---------------------------------------------+------------------------------------------------------------------------------+---------+
; ../Code Files/regs.sv                                                 ; yes             ; User SystemVerilog HDL File                 ; D:/UoS/Embedded Processor/New Coursework/Coursework/Code Files/regs.sv       ;         ;
; ../Code Files/prog.sv                                                 ; yes             ; User SystemVerilog HDL File                 ; D:/UoS/Embedded Processor/New Coursework/Coursework/Code Files/prog.sv       ;         ;
; ../Code Files/pc.sv                                                   ; yes             ; User SystemVerilog HDL File                 ; D:/UoS/Embedded Processor/New Coursework/Coursework/Code Files/pc.sv         ;         ;
; ../Code Files/opcodes.sv                                              ; yes             ; User SystemVerilog HDL File                 ; D:/UoS/Embedded Processor/New Coursework/Coursework/Code Files/opcodes.sv    ;         ;
; ../Code Files/multiplier.sv                                           ; yes             ; User SystemVerilog HDL File                 ; D:/UoS/Embedded Processor/New Coursework/Coursework/Code Files/multiplier.sv ;         ;
; ../Code Files/decoder.sv                                              ; yes             ; User SystemVerilog HDL File                 ; D:/UoS/Embedded Processor/New Coursework/Coursework/Code Files/decoder.sv    ;         ;
; ../Code Files/cpu.sv                                                  ; yes             ; User SystemVerilog HDL File                 ; D:/UoS/Embedded Processor/New Coursework/Coursework/Code Files/cpu.sv        ;         ;
; ../Code Files/alucodes.sv                                             ; yes             ; User SystemVerilog HDL File                 ; D:/UoS/Embedded Processor/New Coursework/Coursework/Code Files/alucodes.sv   ;         ;
; ../Code Files/alu.sv                                                  ; yes             ; User SystemVerilog HDL File                 ; D:/UoS/Embedded Processor/New Coursework/Coursework/Code Files/alu.sv        ;         ;
; /uos/embedded processor/new coursework/coursework/code files/prog.hex ; yes             ; Auto-Found Hexadecimal (Intel-Format) File  ; /uos/embedded processor/new coursework/coursework/code files/prog.hex        ;         ;
+-----------------------------------------------------------------------+-----------------+---------------------------------------------+------------------------------------------------------------------------------+---------+


+---------------------------------------------------------+
; Analysis & Synthesis Resource Usage Summary             ;
+---------------------------------------------+-----------+
; Resource                                    ; Usage     ;
+---------------------------------------------+-----------+
; Estimate of Logic utilization (ALMs needed) ; 51        ;
;                                             ;           ;
; Combinational ALUT usage for logic          ; 81        ;
;     -- 7 input functions                    ; 0         ;
;     -- 6 input functions                    ; 17        ;
;     -- 5 input functions                    ; 30        ;
;     -- 4 input functions                    ; 26        ;
;     -- <=3 input functions                  ; 8         ;
;                                             ;           ;
; Dedicated logic registers                   ; 36        ;
;                                             ;           ;
; I/O pins                                    ; 19        ;
;                                             ;           ;
; Total DSP Blocks                            ; 1         ;
;                                             ;           ;
; Maximum fan-out node                        ; clk~input ;
; Maximum fan-out                             ; 36        ;
; Total fan-out                               ; 534       ;
; Average fan-out                             ; 3.42      ;
+---------------------------------------------+-----------+


+----------------------------------------------------------------------------------------------------------------------------------------------------------------------------------------------+
; Analysis & Synthesis Resource Utilization by Entity                                                                                                                                          ;
+----------------------------+---------------------+---------------------------+-------------------+------------+------+--------------+---------------------------+-------------+--------------+
; Compilation Hierarchy Node ; Combinational ALUTs ; Dedicated Logic Registers ; Block Memory Bits ; DSP Blocks ; Pins ; Virtual Pins ; Full Hierarchy Name       ; Entity Name ; Library Name ;
+----------------------------+---------------------+---------------------------+-------------------+------------+------+--------------+---------------------------+-------------+--------------+
; |cpu                       ; 81 (16)             ; 36 (0)                    ; 0                 ; 1          ; 19   ; 0            ; |cpu                      ; cpu         ; work         ;
;    |alu:iu|                ; 24 (24)             ; 0 (0)                     ; 0                 ; 1          ; 0    ; 0            ; |cpu|alu:iu               ; alu         ; work         ;
;       |signed_mult:m|      ; 0 (0)               ; 0 (0)                     ; 0                 ; 1          ; 0    ; 0            ; |cpu|alu:iu|signed_mult:m ; signed_mult ; work         ;
;    |decoder:D|             ; 3 (3)               ; 0 (0)                     ; 0                 ; 0          ; 0    ; 0            ; |cpu|decoder:D            ; decoder     ; work         ;
;    |pc:progCounter|        ; 4 (4)               ; 4 (4)                     ; 0                 ; 0          ; 0    ; 0            ; |cpu|pc:progCounter       ; pc          ; work         ;
;    |prog:progMemory|       ; 10 (10)             ; 0 (0)                     ; 0                 ; 0          ; 0    ; 0            ; |cpu|prog:progMemory      ; prog        ; work         ;
;    |regs:gpr|              ; 24 (24)             ; 32 (32)                   ; 0                 ; 0          ; 0    ; 0            ; |cpu|regs:gpr             ; regs        ; work         ;
+----------------------------+---------------------+---------------------------+-------------------+------------+------+--------------+---------------------------+-------------+--------------+
Note: For table entries with two numbers listed, the numbers in parentheses indicate the number of resources of the given type used by the specific entity alone. The numbers listed outside of parentheses indicate the total resources of the given type used by the specific entity and all of its sub-entities in the hierarchy.


+----------------------------------------------+
; Analysis & Synthesis DSP Block Usage Summary ;
+-------------------------------+--------------+
; Statistic                     ; Number Used  ;
+-------------------------------+--------------+
; Independent 9x9               ; 1            ;
; Total number of DSP blocks    ; 1            ;
;                               ;              ;
; Fixed Point Signed Multiplier ; 1            ;
+-------------------------------+--------------+


+------------------------------------------------------+
; General Register Statistics                          ;
+----------------------------------------------+-------+
; Statistic                                    ; Value ;
+----------------------------------------------+-------+
; Total registers                              ; 36    ;
; Number of registers using Synchronous Clear  ; 0     ;
; Number of registers using Synchronous Load   ; 0     ;
; Number of registers using Asynchronous Clear ; 4     ;
; Number of registers using Asynchronous Load  ; 0     ;
; Number of registers using Clock Enable       ; 32    ;
; Number of registers using Preset             ; 0     ;
+----------------------------------------------+-------+


+------------------------------------------------------------------------------------------------------------------------------------------+
; Multiplexer Restructuring Statistics (Restructuring Performed)                                                                           ;
+--------------------+-----------+---------------+----------------------+------------------------+------------+----------------------------+
; Multiplexer Inputs ; Bus Width ; Baseline Area ; Area if Restructured ; Saving if Restructured ; Registered ; Example Multiplexer Output ;
+--------------------+-----------+---------------+----------------------+------------------------+------------+----------------------------+
; 8:1                ; 8 bits    ; 40 LEs        ; 16 LEs               ; 24 LEs                 ; No         ; |cpu|alu:iu|Mux7           ;
; 7:1                ; 7 bits    ; 28 LEs        ; 28 LEs               ; 0 LEs                  ; No         ; |cpu|regs:gpr|Rdata1[1]    ;
; 7:1                ; 7 bits    ; 28 LEs        ; 28 LEs               ; 0 LEs                  ; No         ; |cpu|Alub[0]               ;
+--------------------+-----------+---------------+----------------------+------------------------+------------+----------------------------+


+---------------------------------------------------------------------+
; Parameter Settings for User Entity Instance: Top-level Entity: |cpu ;
+----------------+-------+--------------------------------------------+
; Parameter Name ; Value ; Type                                       ;
+----------------+-------+--------------------------------------------+
; n              ; 8     ; Signed Integer                             ;
+----------------+-------+--------------------------------------------+
Note: In order to hide this table in the UI and the text report file, please set the "Show Parameter Settings in Synthesis Report" option in "Analysis and Synthesis Settings -> More Settings" to "Off".


+-------------------------------------------------------------+
; Parameter Settings for User Entity Instance: pc:progCounter ;
+----------------+-------+------------------------------------+
; Parameter Name ; Value ; Type                               ;
+----------------+-------+------------------------------------+
; Psize          ; 4     ; Signed Integer                     ;
+----------------+-------+------------------------------------+
Note: In order to hide this table in the UI and the text report file, please set the "Show Parameter Settings in Synthesis Report" option in "Analysis and Synthesis Settings -> More Settings" to "Off".


+--------------------------------------------------------------+
; Parameter Settings for User Entity Instance: prog:progMemory ;
+----------------+-------+-------------------------------------+
; Parameter Name ; Value ; Type                                ;
+----------------+-------+-------------------------------------+
; Psize          ; 4     ; Signed Integer                      ;
; Isize          ; 16    ; Signed Integer                      ;
+----------------+-------+-------------------------------------+
Note: In order to hide this table in the UI and the text report file, please set the "Show Parameter Settings in Synthesis Report" option in "Analysis and Synthesis Settings -> More Settings" to "Off".


+-------------------------------------------------------+
; Parameter Settings for User Entity Instance: regs:gpr ;
+----------------+-------+------------------------------+
; Parameter Name ; Value ; Type                         ;
+----------------+-------+------------------------------+
; n              ; 8     ; Signed Integer               ;
+----------------+-------+------------------------------+
Note: In order to hide this table in the UI and the text report file, please set the "Show Parameter Settings in Synthesis Report" option in "Analysis and Synthesis Settings -> More Settings" to "Off".


+-----------------------------------------------------+
; Parameter Settings for User Entity Instance: alu:iu ;
+----------------+-------+----------------------------+
; Parameter Name ; Value ; Type                       ;
+----------------+-------+----------------------------+
; n              ; 8     ; Signed Integer             ;
+----------------+-------+----------------------------+
Note: In order to hide this table in the UI and the text report file, please set the "Show Parameter Settings in Synthesis Report" option in "Analysis and Synthesis Settings -> More Settings" to "Off".


+---------------------------------------------------------------------------------------------------------------------+
; Port Connectivity Checks: "alu:iu|signed_mult:m"                                                                    ;
+-----------+--------+----------+-------------------------------------------------------------------------------------+
; Port      ; Type   ; Severity ; Details                                                                             ;
+-----------+--------+----------+-------------------------------------------------------------------------------------+
; out[6..0] ; Output ; Info     ; Connected to dangling logic. Logic that only feeds a dangling port will be removed. ;
; out[15]   ; Output ; Info     ; Connected to dangling logic. Logic that only feeds a dangling port will be removed. ;
; b[0]      ; Input  ; Info     ; Stuck at GND                                                                        ;
+-----------+--------+----------+-------------------------------------------------------------------------------------+


+-----------------------------------------------------------------------------------------------------------------------------------------------------+
; Port Connectivity Checks: "prog:progMemory"                                                                                                         ;
+------+--------+----------+--------------------------------------------------------------------------------------------------------------------------+
; Port ; Type   ; Severity ; Details                                                                                                                  ;
+------+--------+----------+--------------------------------------------------------------------------------------------------------------------------+
; I    ; Output ; Warning  ; Output or bidir port (17 bits) is wider than the port expression (16 bits) it drives; bit(s) "I[16..16]" have no fanouts ;
+------+--------+----------+--------------------------------------------------------------------------------------------------------------------------+


+-----------------------------------------------------+
; Post-Synthesis Netlist Statistics for Top Partition ;
+-----------------------+-----------------------------+
; Type                  ; Count                       ;
+-----------------------+-----------------------------+
; arriav_ff             ; 36                          ;
;     CLR               ; 4                           ;
;     ENA               ; 32                          ;
; arriav_lcell_comb     ; 81                          ;
;     arith             ; 13                          ;
;         1 data inputs ; 1                           ;
;         2 data inputs ; 1                           ;
;         4 data inputs ; 7                           ;
;         5 data inputs ; 4                           ;
;     normal            ; 68                          ;
;         2 data inputs ; 4                           ;
;         3 data inputs ; 2                           ;
;         4 data inputs ; 19                          ;
;         5 data inputs ; 26                          ;
;         6 data inputs ; 17                          ;
; arriav_mac            ; 1                           ;
; boundary_port         ; 19                          ;
;                       ;                             ;
; Max LUT depth         ; 8.70                        ;
; Average LUT depth     ; 7.22                        ;
+-----------------------+-----------------------------+


+-------------------------------+
; Elapsed Time Per Partition    ;
+----------------+--------------+
; Partition Name ; Elapsed Time ;
+----------------+--------------+
; Top            ; 00:00:01     ;
+----------------+--------------+


+-------------------------------+
; Analysis & Synthesis Messages ;
+-------------------------------+
Info: *******************************************************************
Info: Running Quartus Prime Analysis & Synthesis
    Info: Version 22.1std.1 Build 917 02/14/2023 SC Lite Edition
    Info: Processing started: Wed Apr 26 13:45:41 2023
Info: Command: quartus_map --read_settings_files=on --write_settings_files=off cpu -c cpu
Info (16303): Aggressive Area optimization mode selected -- logic area will be prioritized at the potential cost of reduced timing performance
Warning (18236): Number of processors has not been specified which may cause overloading on shared machines.  Set the global assignment NUM_PARALLEL_PROCESSORS in your QSF to an appropriate value for best performance.
Info (20030): Parallel compilation is enabled and will use 4 of the 4 processors detected
Info (12021): Found 1 design units, including 1 entities, in source file /uos/embedded processor/new coursework/coursework/code files/regs.sv
    Info (12023): Found entity 1: regs File: D:/UoS/Embedded Processor/New Coursework/Coursework/Code Files/regs.sv Line: 8
Info (12021): Found 1 design units, including 1 entities, in source file /uos/embedded processor/new coursework/coursework/code files/prog.sv
    Info (12023): Found entity 1: prog File: D:/UoS/Embedded Processor/New Coursework/Coursework/Code Files/prog.sv Line: 7
Info (12021): Found 1 design units, including 1 entities, in source file /uos/embedded processor/new coursework/coursework/code files/pc.sv
    Info (12023): Found entity 1: pc File: D:/UoS/Embedded Processor/New Coursework/Coursework/Code Files/pc.sv Line: 8
Info (12021): Found 0 design units, including 0 entities, in source file /uos/embedded processor/new coursework/coursework/code files/opcodes.sv
Info (12021): Found 1 design units, including 1 entities, in source file /uos/embedded processor/new coursework/coursework/code files/multiplier.sv
    Info (12023): Found entity 1: signed_mult File: D:/UoS/Embedded Processor/New Coursework/Coursework/Code Files/multiplier.sv Line: 2
Info (12021): Found 1 design units, including 1 entities, in source file /uos/embedded processor/new coursework/coursework/code files/decoder.sv
    Info (12023): Found entity 1: decoder File: D:/UoS/Embedded Processor/New Coursework/Coursework/Code Files/decoder.sv Line: 12
Info (12021): Found 1 design units, including 1 entities, in source file /uos/embedded processor/new coursework/coursework/code files/cpu.sv
    Info (12023): Found entity 1: cpu File: D:/UoS/Embedded Processor/New Coursework/Coursework/Code Files/cpu.sv Line: 10
Info (12021): Found 0 design units, including 0 entities, in source file /uos/embedded processor/new coursework/coursework/code files/alucodes.sv
Info (12021): Found 1 design units, including 1 entities, in source file /uos/embedded processor/new coursework/coursework/code files/alu.sv
    Info (12023): Found entity 1: alu File: D:/UoS/Embedded Processor/New Coursework/Coursework/Code Files/alu.sv Line: 10
Warning (10222): Verilog HDL Parameter Declaration warning at cpu.sv(30): Parameter Declaration in module "cpu" behaves as a Local Parameter Declaration because the module has a Module Parameter Port List File: D:/UoS/Embedded Processor/New Coursework/Coursework/Code Files/cpu.sv Line: 30
Warning (10222): Verilog HDL Parameter Declaration warning at cpu.sv(34): Parameter Declaration in module "cpu" behaves as a Local Parameter Declaration because the module has a Module Parameter Port List File: D:/UoS/Embedded Processor/New Coursework/Coursework/Code Files/cpu.sv Line: 34
Info (12127): Elaborating entity "cpu" for the top level hierarchy
Info (12128): Elaborating entity "pc" for hierarchy "pc:progCounter" File: D:/UoS/Embedded Processor/New Coursework/Coursework/Code Files/cpu.sv Line: 44
Info (12128): Elaborating entity "prog" for hierarchy "prog:progMemory" File: D:/UoS/Embedded Processor/New Coursework/Coursework/Code Files/cpu.sv Line: 47
Warning (10030): Net "progMem.data_a" at prog.sv(12) has no driver or initial value, using a default initial value '0' File: D:/UoS/Embedded Processor/New Coursework/Coursework/Code Files/prog.sv Line: 12
Warning (10030): Net "progMem.waddr_a" at prog.sv(12) has no driver or initial value, using a default initial value '0' File: D:/UoS/Embedded Processor/New Coursework/Coursework/Code Files/prog.sv Line: 12
Warning (10030): Net "progMem.we_a" at prog.sv(12) has no driver or initial value, using a default initial value '0' File: D:/UoS/Embedded Processor/New Coursework/Coursework/Code Files/prog.sv Line: 12
Info (12128): Elaborating entity "decoder" for hierarchy "decoder:D" File: D:/UoS/Embedded Processor/New Coursework/Coursework/Code Files/cpu.sv Line: 54
Info (12128): Elaborating entity "regs" for hierarchy "regs:gpr" File: D:/UoS/Embedded Processor/New Coursework/Coursework/Code Files/cpu.sv Line: 61
Info (12128): Elaborating entity "alu" for hierarchy "alu:iu" File: D:/UoS/Embedded Processor/New Coursework/Coursework/Code Files/cpu.sv Line: 65
Warning (10270): Verilog HDL Case Statement warning at alu.sv(39): incomplete case statement has no default case item File: D:/UoS/Embedded Processor/New Coursework/Coursework/Code Files/alu.sv Line: 39
Info (12128): Elaborating entity "signed_mult" for hierarchy "alu:iu|signed_mult:m" File: D:/UoS/Embedded Processor/New Coursework/Coursework/Code Files/alu.sv Line: 23
Info (276014): Found 1 instances of uninferred RAM logic
    Info (276004): RAM logic "prog:progMemory|progMem" is uninferred due to inappropriate RAM size File: D:/UoS/Embedded Processor/New Coursework/Coursework/Code Files/prog.sv Line: 12
Warning (12241): 1 hierarchies have connectivity warnings - see the Connectivity Checks report folder
Info (286030): Timing-Driven Synthesis is running
Info (16010): Generating hard_block partition "hard_block:auto_generated_inst"
    Info (16011): Adding 0 node(s), including 0 DDIO, 0 PLL, 0 transceiver and 0 LCELL
Info (21057): Implemented 133 device resources after synthesis - the final resource count might be different
    Info (21058): Implemented 11 input pins
    Info (21059): Implemented 8 output pins
    Info (21061): Implemented 113 logic cells
    Info (21062): Implemented 1 DSP elements
Info: Quartus Prime Analysis & Synthesis was successful. 0 errors, 8 warnings
    Info: Peak virtual memory: 4847 megabytes
    Info: Processing ended: Wed Apr 26 13:46:01 2023
    Info: Elapsed time: 00:00:20
    Info: Total CPU time (on all processors): 00:00:46


